[running] preflight 0/0, 0.0 seconds
       matlab_version: '24.2.0.3361896 (R2024b) Update 10'
             computer: 'PCWIN64'
            toolboxes: [1x4 struct]
    missing_functions: {}
            functions: [1x1 struct]
       data_variables: [5x1 struct]
                   zs: [0.0788 0.0860]
           gpu_status: 'queried'
            gpu_count: 1

Preflight only; no reconstruction or numerical tests executed.
[running] calibration 1/2500, 9.5 seconds
[running] calibration 20/2500, 23.6 seconds
[running] calibration 40/2500, 33.7 seconds
[running] calibration 60/2500, 42.9 seconds
[running] calibration 80/2500, 52.1 seconds
[running] calibration 100/2500, 60.9 seconds
[running] calibration 120/2500, 70.1 seconds
[running] calibration 140/2500, 79.2 seconds
[running] calibration 160/2500, 88.3 seconds
[running] calibration 180/2500, 97.7 seconds
[running] calibration 200/2500, 107.0 seconds
[running] calibration 220/2500, 116.5 seconds
[running] calibration 240/2500, 125.7 seconds
[running] calibration 260/2500, 135.1 seconds
[running] calibration 280/2500, 144.1 seconds
[running] calibration 300/2500, 152.9 seconds
[running] calibration 320/2500, 161.6 seconds
[running] calibration 340/2500, 170.6 seconds
[running] calibration 360/2500, 179.3 seconds
[running] calibration 380/2500, 187.7 seconds
[running] calibration 400/2500, 196.3 seconds
[running] calibration 420/2500, 204.8 seconds
[running] calibration 440/2500, 213.4 seconds
[running] calibration 460/2500, 222.2 seconds
[running] calibration 480/2500, 230.7 seconds
[running] calibration 500/2500, 239.3 seconds
[running] calibration 520/2500, 250.6 seconds
[running] calibration 540/2500, 259.1 seconds
[running] calibration 560/2500, 267.8 seconds
[running] calibration 580/2500, 276.9 seconds
[running] calibration 600/2500, 286.3 seconds
[running] calibration 620/2500, 296.2 seconds
[running] calibration 640/2500, 306.0 seconds
[running] calibration 660/2500, 315.6 seconds
[running] calibration 680/2500, 325.3 seconds
[running] calibration 700/2500, 333.8 seconds
[running] calibration 720/2500, 342.3 seconds
[running] calibration 740/2500, 351.2 seconds
[running] calibration 760/2500, 360.3 seconds
[running] calibration 780/2500, 369.7 seconds
[running] calibration 800/2500, 379.0 seconds
[running] calibration 820/2500, 388.3 seconds
[running] calibration 840/2500, 397.8 seconds
[running] calibration 860/2500, 407.1 seconds
[running] calibration 880/2500, 416.2 seconds
[running] calibration 900/2500, 425.1 seconds
[running] calibration 920/2500, 433.8 seconds
[running] calibration 940/2500, 442.8 seconds
[running] calibration 960/2500, 451.5 seconds
[running] calibration 980/2500, 460.2 seconds
[running] calibration 1000/2500, 469.0 seconds
[running] calibration 1020/2500, 480.2 seconds
[running] calibration 1040/2500, 488.9 seconds
[running] calibration 1060/2500, 497.7 seconds
[running] calibration 1080/2500, 506.7 seconds
[running] calibration 1100/2500, 515.6 seconds
[running] calibration 1120/2500, 524.4 seconds
[running] calibration 1140/2500, 533.4 seconds
[running] calibration 1160/2500, 542.2 seconds
[running] calibration 1180/2500, 550.8 seconds
[running] calibration 1200/2500, 559.5 seconds
[running] calibration 1220/2500, 568.2 seconds
[running] calibration 1240/2500, 576.8 seconds
[running] calibration 1260/2500, 585.3 seconds
[running] calibration 1280/2500, 593.7 seconds
[running] calibration 1300/2500, 602.0 seconds
[running] calibration 1320/2500, 610.5 seconds
[running] calibration 1340/2500, 619.1 seconds
[running] calibration 1360/2500, 627.8 seconds
[running] calibration 1380/2500, 636.4 seconds
[running] calibration 1400/2500, 644.8 seconds
[running] calibration 1420/2500, 653.3 seconds
[running] calibration 1440/2500, 661.8 seconds
[running] calibration 1460/2500, 670.2 seconds
[running] calibration 1480/2500, 678.5 seconds
[running] calibration 1500/2500, 686.9 seconds
[running] calibration 1520/2500, 702.0 seconds
[running] calibration 1540/2500, 710.8 seconds
[running] calibration 1560/2500, 719.3 seconds
[running] calibration 1580/2500, 728.0 seconds
[running] calibration 1600/2500, 736.4 seconds
[running] calibration 1620/2500, 744.8 seconds
[running] calibration 1640/2500, 753.3 seconds
[running] calibration 1660/2500, 761.7 seconds
[running] calibration 1680/2500, 770.1 seconds
[running] calibration 1700/2500, 778.4 seconds
[running] calibration 1720/2500, 786.9 seconds
[running] calibration 1740/2500, 795.3 seconds
[running] calibration 1760/2500, 803.7 seconds
[running] calibration 1780/2500, 812.0 seconds
[running] calibration 1800/2500, 820.4 seconds
[running] calibration 1820/2500, 829.0 seconds
[running] calibration 1840/2500, 837.7 seconds
[running] calibration 1860/2500, 846.3 seconds
[running] calibration 1880/2500, 854.7 seconds
[running] calibration 1900/2500, 863.1 seconds
[running] calibration 1920/2500, 871.7 seconds
[running] calibration 1940/2500, 880.3 seconds
[running] calibration 1960/2500, 888.9 seconds
[running] calibration 1980/2500, 897.6 seconds
[running] calibration 2000/2500, 906.5 seconds
[running] calibration 2020/2500, 918.2 seconds
[running] calibration 2040/2500, 926.7 seconds
[running] calibration 2060/2500, 935.3 seconds
[running] calibration 2080/2500, 943.7 seconds
[running] calibration 2100/2500, 952.4 seconds
[running] calibration 2120/2500, 961.1 seconds
[running] calibration 2140/2500, 969.5 seconds
[running] calibration 2160/2500, 978.1 seconds
[running] calibration 2180/2500, 986.7 seconds
[running] calibration 2200/2500, 995.2 seconds
[running] calibration 2220/2500, 1003.7 seconds
[running] calibration 2240/2500, 1012.3 seconds
[running] calibration 2260/2500, 1021.0 seconds
[running] calibration 2280/2500, 1029.5 seconds
[running] calibration 2300/2500, 1038.1 seconds
[running] calibration 2320/2500, 1046.5 seconds
[running] calibration 2340/2500, 1054.9 seconds
[running] calibration 2360/2500, 1063.3 seconds
[running] calibration 2380/2500, 1072.1 seconds
[running] calibration 2400/2500, 1080.8 seconds
[running] calibration 2420/2500, 1089.4 seconds
[running] calibration 2440/2500, 1098.0 seconds
[running] calibration 2460/2500, 1106.7 seconds
[running] calibration 2480/2500, 1115.6 seconds
[running] calibration 2500/2500, 1124.8 seconds
[running] sample 1/40, 1132.1 seconds
[running] sample 2/40, 1132.3 seconds
[running] sample 3/40, 1132.5 seconds
[running] sample 4/40, 1132.7 seconds
[running] sample 5/40, 1133.0 seconds
[running] sample 6/40, 1133.2 seconds
[running] sample 7/40, 1133.4 seconds
[running] sample 8/40, 1133.7 seconds
[running] sample 9/40, 1133.9 seconds
[running] sample 10/40, 1134.8 seconds
[running] sample 11/40, 1135.4 seconds
[running] sample 12/40, 1135.6 seconds
[running] sample 13/40, 1135.9 seconds
[running] sample 14/40, 1136.1 seconds
[running] sample 15/40, 1136.3 seconds
[running] sample 16/40, 1136.5 seconds
[running] sample 17/40, 1136.8 seconds
[running] sample 18/40, 1137.0 seconds
[running] sample 19/40, 1137.2 seconds
[running] sample 20/40, 1137.8 seconds
[running] sample 21/40, 1138.2 seconds
[running] sample 22/40, 1138.4 seconds
[running] sample 23/40, 1138.7 seconds
[running] sample 24/40, 1138.9 seconds
[running] sample 25/40, 1139.1 seconds
[running] sample 26/40, 1139.4 seconds
[running] sample 27/40, 1139.6 seconds
[running] sample 28/40, 1139.8 seconds
[running] sample 29/40, 1140.0 seconds
[running] sample 30/40, 1140.5 seconds
[running] sample 31/40, 1140.9 seconds
[running] sample 32/40, 1141.1 seconds
[running] sample 33/40, 1141.3 seconds
[running] sample 34/40, 1141.5 seconds
[running] sample 35/40, 1141.8 seconds
[running] sample 36/40, 1142.0 seconds
[running] sample 37/40, 1142.2 seconds
[running] sample 38/40, 1142.5 seconds
[running] sample 39/40, 1142.7 seconds
[running] sample 40/40, 1143.2 seconds
[completed] completed 40/40, 1170.1 seconds

Completed: <PROJECT_ROOT>\runs\pilot\author_20260927_225947
